cases/parse-incomplete-enum-7/test.ghul: 7,5..7,10: error: in identifier: expected identifier but found class
