test.ghul: 7,1..9,3: error: cannot mix global definitions and namespaces in the same file
