test.ghul: 2,14..2,16: error: in primary expression: expected (, [, cast, char literal, false, float literal, identifier, int literal, isa, new, none, null, self, string literal, super, true or typeof but found do
