expected ba is an A
expected ca is an A
expected db is an A
expected ba is not an A
expected a is not a CA
expected a is not an DB
