.namespace 'Test' {
.class public auto ansi beforefieldinit 'Derived' extends object implements 'Test'.'Base'
{
}
}
