global_function: 3
global_field: 1234
global_property: 5678
