ldarg.0
ldc.i4 123
stfld int32 class 'Test'.'Main' <!0/*CCC1*/> ::'_ii'
ldarg.0
ldfld int32 class 'Test'.'Main' <!0/*CCC1*/> ::'_ii'
stloc 'i.0'
ldc.i4 123
stsfld int32 class 'Test'.'Main' <!0/*CCC1*/> ::'_si'
ldsfld int32 class 'Test'.'Main' <!0/*CCC1*/> ::'_si'
stloc 'i.0'
ldarg.0
ldloc 't.1'
stfld class ['System.Runtime']'System'.'Collections'.'Generic'.'IReadOnlyList`1' <!0 /*GGG*/> class 'Test'.'Main' <!0/*CCC1*/> ::'_it'
ldarg.0
ldfld class ['System.Runtime']'System'.'Collections'.'Generic'.'IReadOnlyList`1' <!0 /*GGG*/> class 'Test'.'Main' <!0/*CCC1*/> ::'_it'
stloc 't.1'
ldloc 't.1'
stsfld class ['System.Runtime']'System'.'Collections'.'Generic'.'IReadOnlyList`1' <!0 /*GGG*/> class 'Test'.'Main' <!0/*CCC1*/> ::'_st'
ldsfld class ['System.Runtime']'System'.'Collections'.'Generic'.'IReadOnlyList`1' <!0 /*GGG*/> class 'Test'.'Main' <!0/*CCC1*/> ::'_st'
stloc 't.1'
