test.ghul: 23,25..23,28: error: no overload found for expect_base(Ghul.object[]), tried Test.Main.expect_base(b: Test.Base[]) -> Ghul.void
test.ghul: 24,28..24,34: error: no overload found for expect_derived(Test.Base[]), tried Test.Main.expect_derived(d: Test.Derived[]) -> Ghul.void
test.ghul: 25,26..25,29: error: no overload found for expect_trait(Ghul.object[]), tried Test.Main.expect_trait(t: Test.Trait[]) -> Ghul.void
test.ghul: 26,27..26,33: error: no overload found for expect_string(Test.Base[]), tried Test.Main.expect_string(s: Ghul.string[]) -> Ghul.void
test.ghul: 27,29..27,38: error: no overload found for expect_int_list(Ghul.string[]), tried Test.Main.expect_int_list(l: LIST[int]) -> Ghul.void
test.ghul: 30,19..30,41: error: no overload found for three(Test.Base, Test.Derived, Ghul.string), tried Test.three[T](a: T, b: T, c: T) -> T
test.ghul: 52,13..52,28: error: no overload found for $$(Ghul.string, Test.Base), tried Test.$$[T](a: T, b: T) -> T
test.ghul: 76,24..76,31: error: no overload found for structured(Ghul.int, Test.Base), tried Test.structured[T](element: T, iterable: Iterable[T]) -> Collections.LIST[T]
test.ghul: 79,24..79,34: error: no overload found for structured(Ghul.int, Ghul.string), tried Test.structured[T](element: T, iterable: Iterable[T]) -> Collections.LIST[T]
