expect true: x == x: True
expect false: x != x: False
expect true: xx == xx: True
expect false: xx != xx: False
expect false: x == y: False
expect true: x != y: True
expect false: x == xx: False
expect true: x != xx: True
