test.ghul: 6,25..6,27: error: in type expression: expected ( or identifier but found in
