.namespace 'Outer'.'Inner' {
.class public auto ansi beforefieldinit 'CLASS' extends [System.Runtime]'System'.'Object'
{
}
}
