test.ghul: 7,9..7,11: error: in primary expression: expected (, [, cast, char literal, false, float literal, identifier, if, int literal, isa, new, null, self, string literal, super, true or typeof but found si
