test.ghul: 121,16..121,22: error: syntax error: expected ; but found return
