result is: implicit_convert_struct_to_trait__test.THING
