test.ghul: 4,1..4,3: error: in for statement: expected do but found si
test.ghul: 4,1..4,3: error: in primary expression: expected (, [, cast, char literal, false, float literal, identifier, int literal, isa, new, none, null, self, string literal, super, true or typeof but found si
