test.ghul: 13,22..13,26: error: cannot return value of type null from function of type T
test.ghul: 6,19..6,23: error: cannot return value of type null from function of type T
