fibonacci(0) is 0
fibonacci(1) is 1
fibonacci(2) is 1
fibonacci(3) is 2
fibonacci(4) is 3
fibonacci(5) is 5
fibonacci(6) is 8
fibonacci(7) is 13
fibonacci(8) is 21
fibonacci(9) is 34
