test.ghul: 6,15..6,16: error: syntax error: expected , but found identifier b
