FFFF isa Base: True
FFFF isa SettableBase: True
GGGG isa Base: True
