test.ghul: 1,15..1,16: error: in qualified identifier: expected identifier but found end of input
