test.ghul: 31,13..31,41: error: Ghul.object is not assignable to Ghul.int
test.ghul: 32,22..32,25: error: no overload found for function(Ghul.int), tried Test.Main.function[T](t: List[T]) -> T
