cases/parse-incomplete-property-11/test.ghul: 6,5..6,7: error: unexpected input in property
