./cases/generic-inheritance/test.ghul: 21,0..22,0: warn: first statement in void Test.GenericInheritance.J<char>.init(char) is not a call to super.init() or this.init() (in template Test.GenericInheritance.J<char>)
./cases/generic-inheritance/test.ghul: 21,0..22,0: warn: first statement in void Test.GenericInheritance.J<int>.init(int) is not a call to super.init() or this.init() (in template Test.GenericInheritance.J<int>)
