test.ghul: 9,9..9,11: error: in primary expression: expected (, [, cast, char literal, identifier, int literal, isa, native, new, none, null, self, string literal or super but found si
test.ghul: 9,9..9,11: error: syntax error: expected then but found si
