test.ghul: 503,23..503,27: error: cannot return value of type null from function of type Test.GenericInheritance.Thing.T
test.ghul: 510,26..510,30: error: cannot return value of type null from function of type Test.GenericInheritance.Thing.T
