.class public auto ansi beforefieldinit 'Outer'.'Inner'.'CLASS' extends ['System.Runtime']'System'.'Object' 
{
}
