ldloc 'o.1'
castclass class 'convert_parent_to_subclass__test'.'THINGER' 
stloc 't.2'
