test.ghul: 3,16..3,20: error: cannot access self from non-instance context
test.ghul: 30,13..30,14: error: cannot access instance member from static context
test.ghul: 31,13..31,17: error: cannot access self from non-instance context
test.ghul: 34,13..34,17: error: cannot access self from non-instance context
test.ghul: 36,22..36,23: error: cannot access instance property from static context
test.ghul: 37,18..37,22: error: cannot access self from non-instance context
test.ghul: 40,13..40,17: error: cannot access self from non-instance context
test.ghul: 42,22..42,23: error: cannot access instance property from static context
test.ghul: 43,18..43,22: error: cannot access self from non-instance context
test.ghul: 45,13..45,17: error: cannot access self from non-instance context
test.ghul: 46,18..46,22: error: cannot access self from non-instance context
