ldloc 'a.0'
ldloc 'b.1'
cgt
ldc.i4 0
ceq
brfalse L_1
ldc.i4 1
stloc 'result.2'
br L_0
L_1:
ldc.i4 2
stloc 'result.2'
br L_0
L_2:
L_0:
