test.ghul: 3,1..3,3: error: in qualified identifier: expected identifier but found si
test.ghul: 3,1..3,3: error: syntax error: expected ; but found si
