test.ghul: 97,9..97,13: warn: does not override Test.BASE.copy() -> Test.BASE due to different return type Test.DERIVED
