f[T=int,U=int](int,int): (123, 456)
f[T=string,U=string](string,string): (hello, world)
f[T=int](int): 123
f[T=string](string): hello
