cases/parse-incomplete-use-1/test.ghul: 3,1..3,3: error: in qualified identifier: expected identifier but found si
