interpolate 132 and -209 together
220 at the beginning and 0 in the middle
now 242 in the middle and end with 341
41-204
