test.ghul: 4,5..4,7: error: in qualified identifier: expected identifier but found si
