ldc.i4 12345
box int32
throw
ldstr bytearray (68 00 65 00 6C 00 6C 00 6F 00 20 00 77 00 6F 00 72 00 6C 00 64 00 )
throw
newobj instance void class ['System.Runtime']'System'.'Exception'::.ctor()
throw
