cases/parse-incomplete-class-3/test.ghul: 6,1..6,2: error: syntax error: expected ] but found si
