.method public virtual hidebysig abstract instance default  void 'do_something'() cil managed
{
}
.method public virtual hidebysig abstract instance default  void 'do_a_different_thing'(int32 'i',class 'System'.'String' 's') cil managed
{
}
